[0m23:04:00.960387 [debug] [MainThread]: Sending event: {'category': 'dbt', 'action': 'invocation', 'label': 'start', 'context': [<snowplow_tracker.self_describing_json.SelfDescribingJson object at 0x7ff8e6879390>, <snowplow_tracker.self_describing_json.SelfDescribingJson object at 0x7ff8e688a510>, <snowplow_tracker.self_describing_json.SelfDescribingJson object at 0x7ff8e6967890>]}


============================== 23:04:00.968767 | 74d3d48f-fb05-469d-a8cf-c3bd1d37f869 ==============================
[0m23:04:00.968767 [info ] [MainThread]: Running with dbt=1.12.0
[0m23:04:00.969876 [debug] [MainThread]: running dbt with arguments {'indirect_selection': 'eager', 'target_path': 'None', 'invocation_command': 'dbt init', 'maximum_seed_size_mib': '1', 'introspect': 'True', 'log_path': 'logs', 'version_check': 'True', 'warn_error_options': 'WarnErrorOptionsV2(error=[], warn=[], silence=[])', 'static_parser': 'True', 'log_cache_events': 'False', 'write_json': 'True', 'no_print': 'None', 'log_format': 'default', 'quiet': 'False', 'debug': 'False', 'hints_enabled': 'True', 'partial_parse': 'True', 'cache_selected_only': 'False', 'use_colors': 'True', 'printer_width': '80', 'warn_error': 'None', 'profiles_dir': '/home/legion/.dbt', 'fail_fast': 'False', 'use_experimental_parser': 'False', 'empty': 'None', 'send_anonymous_usage_stats': 'True'}
[0m23:04:20.436693 [debug] [MainThread]: Starter project path: /mnt/c/Users/LEGION/CareerSignal/.venv/lib/python3.11/site-packages/dbt/include/starter_project
[0m23:04:20.642957 [info ] [MainThread]: Setting up your profile.
[0m23:04:23.649475 [info ] [MainThread]: Running dbt debug to validate the project...
[0m23:04:23.650631 [info ] [MainThread]: dbt version: 1.12.0
[0m23:04:23.651768 [info ] [MainThread]: python version: 3.11.15
[0m23:04:23.652396 [info ] [MainThread]: python path: /mnt/c/Users/LEGION/CareerSignal/.venv/bin/python
[0m23:04:23.653143 [info ] [MainThread]: os info: Linux-6.6.87.2-microsoft-standard-WSL2-x86_64-with-glibc2.43
[0m23:04:23.680278 [info ] [MainThread]: Using profiles dir at /home/legion/.dbt
[0m23:04:23.681600 [info ] [MainThread]: Using profiles.yml file at /home/legion/.dbt/profiles.yml
[0m23:04:23.682509 [info ] [MainThread]: Using dbt_project.yml file at /mnt/c/Users/LEGION/CareerSignal/Careersignal/dbt_project.yml
[0m23:04:23.776486 [info ] [MainThread]: Configuration:
[0m23:04:23.777708 [info ] [MainThread]:   profiles.yml file [[31mERROR invalid[0m]
[0m23:04:23.778589 [info ] [MainThread]:   dbt_project.yml file [[32mOK found and valid[0m]
[0m23:04:23.779191 [info ] [MainThread]: Required dependencies:
[0m23:04:23.779804 [debug] [MainThread]: Executing "git --help"
[0m23:04:23.787558 [debug] [MainThread]: STDOUT: "b"usage: git [-v | --version] [-h | --help] [-C <path>] [-c <name>=<value>]\n           [--exec-path[=<path>]] [--html-path] [--man-path] [--info-path]\n           [-p | --paginate | -P | --no-pager] [--no-replace-objects] [--no-lazy-fetch]\n           [--no-optional-locks] [--no-advice] [--bare] [--git-dir=<path>]\n           [--work-tree=<path>] [--namespace=<name>] [--config-env=<name>=<envvar>]\n           <command> [<args>]\n\nThese are common Git commands used in various situations:\n\nstart a working area (see also: git help tutorial)\n   clone      Clone a repository into a new directory\n   init       Create an empty Git repository or reinitialize an existing one\n\nwork on the current change (see also: git help everyday)\n   add        Add file contents to the index\n   mv         Move or rename a file, a directory, or a symlink\n   restore    Restore working tree files\n   rm         Remove files from the working tree and from the index\n\nexamine the history and state (see also: git help revisions)\n   bisect     Use binary search to find the commit that introduced a bug\n   diff       Show changes between commits, commit and working tree, etc\n   grep       Print lines matching a pattern\n   log        Show commit logs\n   show       Show various types of objects\n   status     Show the working tree status\n\ngrow, mark and tweak your common history\n   backfill   Download missing objects in a partial clone\n   branch     List, create, or delete branches\n   commit     Record changes to the repository\n   merge      Join two or more development histories together\n   rebase     Reapply commits on top of another base tip\n   reset      Set `HEAD` or the index to a known state\n   switch     Switch branches\n   tag        Create, list, delete or verify tags\n\ncollaborate (see also: git help workflows)\n   fetch      Download objects and refs from another repository\n   pull       Fetch from and integrate with another repository or a local branch\n   push       Update remote refs along with associated objects\n\n'git help -a' and 'git help -g' list available subcommands and some\nconcept guides. See 'git help <command>' or 'git help <concept>'\nto read about a specific subcommand or concept.\nSee 'git help git' for an overview of the system.\n""
[0m23:04:23.788649 [debug] [MainThread]: STDERR: "b''"
[0m23:04:23.789288 [info ] [MainThread]:  - git [[32mOK found[0m]

[0m23:04:23.790185 [info ] [MainThread]: Connection test skipped since no profile was found
[0m23:04:23.791206 [info ] [MainThread]: [31m1 check failed:[0m
[0m23:04:23.792214 [info ] [MainThread]: Profile loading failed for the following reason:
Runtime Error
  Credentials in profile "Careersignal", target "dev" invalid: ['database name'] is not of type 'string'


[0m23:04:23.793112 [info ] [MainThread]: Your new dbt project "Careersignal" was created!
Initialized new project in /mnt/c/Users/LEGION/CareerSignal/Careersignal/Careersignal

For more information on how to configure the profiles.yml file,
please consult the dbt documentation here:

  https://docs.getdbt.com/docs/configure-your-profile

One more thing:

Need help? Don't hesitate to reach out to us via GitHub issues or on Slack:

  https://community.getdbt.com/

Happy modeling!

[0m23:04:23.793932 [info ] [MainThread]: [31mYour profile may need adjustments. You can find the logs of `dbt debug` above[0m
[0m23:04:23.796937 [debug] [MainThread]: Resource report: {"command_name": "init", "command_success": true, "command_wall_clock_time": 22.901007, "process_in_blocks": "38384", "process_kernel_time": 0.988653, "process_mem_max_rss": "115772", "process_out_blocks": "8", "process_user_time": 1.290614}
[0m23:04:23.798191 [debug] [MainThread]: Command `dbt init` succeeded at 23:04:23.798036 after 22.90 seconds
[0m23:04:23.799035 [debug] [MainThread]: Sending event: {'category': 'dbt', 'action': 'invocation', 'label': 'end', 'context': [<snowplow_tracker.self_describing_json.SelfDescribingJson object at 0x7ff8eb4b7dd0>, <snowplow_tracker.self_describing_json.SelfDescribingJson object at 0x7ff8e66e1e10>, <snowplow_tracker.self_describing_json.SelfDescribingJson object at 0x7ff8e680a610>]}
[0m23:04:23.799863 [debug] [MainThread]: Flushing usage events
[0m23:04:25.097092 [debug] [MainThread]: An error was encountered while trying to flush usage events
[0m09:02:00.918662 [debug] [MainThread]: Sending event: {'category': 'dbt', 'action': 'invocation', 'label': 'start', 'context': [<snowplow_tracker.self_describing_json.SelfDescribingJson object at 0x774698ac1610>, <snowplow_tracker.self_describing_json.SelfDescribingJson object at 0x774698b73690>, <snowplow_tracker.self_describing_json.SelfDescribingJson object at 0x774698b72f10>]}


============================== 09:02:00.927870 | e35dc38f-cc4c-40ae-9b80-816c93644e63 ==============================
[0m09:02:00.927870 [info ] [MainThread]: Running with dbt=1.12.0
[0m09:02:00.929000 [debug] [MainThread]: running dbt with arguments {'empty': 'None', 'partial_parse': 'True', 'use_colors': 'True', 'no_print': 'None', 'warn_error': 'None', 'static_parser': 'True', 'maximum_seed_size_mib': '1', 'version_check': 'True', 'profiles_dir': '/home/legion/.dbt', 'debug': 'False', 'fail_fast': 'False', 'target_path': 'None', 'hints_enabled': 'True', 'cache_selected_only': 'False', 'use_experimental_parser': 'False', 'introspect': 'True', 'invocation_command': 'dbt init', 'indirect_selection': 'eager', 'log_path': 'logs', 'printer_width': '80', 'send_anonymous_usage_stats': 'True', 'log_cache_events': 'False', 'write_json': 'True', 'log_format': 'default', 'warn_error_options': 'WarnErrorOptionsV2(error=[], warn=[], silence=[])', 'quiet': 'False'}
[0m09:02:19.730251 [info ] [MainThread]: A project called Careersignal already exists here.
[0m09:02:19.734803 [debug] [MainThread]: Resource report: {"command_name": "init", "command_success": true, "command_wall_clock_time": 18.87907, "process_in_blocks": "24776", "process_kernel_time": 1.080098, "process_mem_max_rss": "110704", "process_out_blocks": "0", "process_user_time": 1.316596}
[0m09:02:19.736024 [debug] [MainThread]: Command `dbt init` succeeded at 09:02:19.735885 after 18.88 seconds
[0m09:02:19.737042 [debug] [MainThread]: Sending event: {'category': 'dbt', 'action': 'invocation', 'label': 'end', 'context': [<snowplow_tracker.self_describing_json.SelfDescribingJson object at 0x77469d77fc50>, <snowplow_tracker.self_describing_json.SelfDescribingJson object at 0x774698b73450>, <snowplow_tracker.self_describing_json.SelfDescribingJson object at 0x774698ab7ed0>]}
[0m09:02:19.738269 [debug] [MainThread]: Flushing usage events
[0m09:02:21.003499 [debug] [MainThread]: An error was encountered while trying to flush usage events
[0m16:18:42.895806 [debug] [MainThread]: Sending event: {'category': 'dbt', 'action': 'invocation', 'label': 'start', 'context': [<snowplow_tracker.self_describing_json.SelfDescribingJson object at 0x77474a396e50>, <snowplow_tracker.self_describing_json.SelfDescribingJson object at 0x77474a397050>, <snowplow_tracker.self_describing_json.SelfDescribingJson object at 0x77474a3960d0>]}


============================== 16:18:42.908696 | c2945e50-3f22-45b8-9544-50292b5e8c68 ==============================
[0m16:18:42.908696 [info ] [MainThread]: Running with dbt=1.12.0
[0m16:18:42.910212 [debug] [MainThread]: running dbt with arguments {'static_parser': 'True', 'printer_width': '80', 'no_print': 'None', 'target_path': 'None', 'invocation_command': 'dbt init', 'introspect': 'True', 'fail_fast': 'False', 'send_anonymous_usage_stats': 'True', 'write_json': 'True', 'maximum_seed_size_mib': '1', 'version_check': 'True', 'cache_selected_only': 'False', 'log_cache_events': 'False', 'hints_enabled': 'True', 'profiles_dir': '/home/legion/.dbt', 'use_experimental_parser': 'False', 'warn_error': 'None', 'debug': 'False', 'empty': 'None', 'log_format': 'default', 'partial_parse': 'True', 'indirect_selection': 'eager', 'warn_error_options': 'WarnErrorOptionsV2(error=[], warn=[], silence=[])', 'quiet': 'False', 'log_path': 'logs', 'use_colors': 'True'}
[0m16:19:26.305060 [debug] [MainThread]: Starter project path: /mnt/c/Users/LEGION/CareerSignal/.venv/lib/python3.11/site-packages/dbt/include/starter_project
[0m16:19:26.566070 [info ] [MainThread]: Setting up your profile.
[0m16:19:28.879276 [info ] [MainThread]: Running dbt debug to validate the project...
[0m16:19:28.880574 [info ] [MainThread]: dbt version: 1.12.0
[0m16:19:28.881463 [info ] [MainThread]: python version: 3.11.15
[0m16:19:28.882152 [info ] [MainThread]: python path: /mnt/c/Users/LEGION/CareerSignal/.venv/bin/python
[0m16:19:28.882777 [info ] [MainThread]: os info: Linux-6.6.87.2-microsoft-standard-WSL2-x86_64-with-glibc2.43
[0m16:19:28.914160 [info ] [MainThread]: Using profiles dir at /home/legion/.dbt
[0m16:19:28.915242 [info ] [MainThread]: Using profiles.yml file at /home/legion/.dbt/profiles.yml
[0m16:19:28.916019 [info ] [MainThread]: Using dbt_project.yml file at /mnt/c/Users/LEGION/CareerSignal/Careersignal_dbt/dbt_project.yml
[0m16:19:29.019645 [info ] [MainThread]: Configuration:
[0m16:19:29.021052 [info ] [MainThread]:   profiles.yml file [[31mERROR invalid[0m]
[0m16:19:29.022174 [info ] [MainThread]:   dbt_project.yml file [[32mOK found and valid[0m]
[0m16:19:29.023150 [info ] [MainThread]: Required dependencies:
[0m16:19:29.023920 [debug] [MainThread]: Executing "git --help"
[0m16:19:29.027657 [debug] [MainThread]: STDOUT: "b"usage: git [-v | --version] [-h | --help] [-C <path>] [-c <name>=<value>]\n           [--exec-path[=<path>]] [--html-path] [--man-path] [--info-path]\n           [-p | --paginate | -P | --no-pager] [--no-replace-objects] [--no-lazy-fetch]\n           [--no-optional-locks] [--no-advice] [--bare] [--git-dir=<path>]\n           [--work-tree=<path>] [--namespace=<name>] [--config-env=<name>=<envvar>]\n           <command> [<args>]\n\nThese are common Git commands used in various situations:\n\nstart a working area (see also: git help tutorial)\n   clone      Clone a repository into a new directory\n   init       Create an empty Git repository or reinitialize an existing one\n\nwork on the current change (see also: git help everyday)\n   add        Add file contents to the index\n   mv         Move or rename a file, a directory, or a symlink\n   restore    Restore working tree files\n   rm         Remove files from the working tree and from the index\n\nexamine the history and state (see also: git help revisions)\n   bisect     Use binary search to find the commit that introduced a bug\n   diff       Show changes between commits, commit and working tree, etc\n   grep       Print lines matching a pattern\n   log        Show commit logs\n   show       Show various types of objects\n   status     Show the working tree status\n\ngrow, mark and tweak your common history\n   backfill   Download missing objects in a partial clone\n   branch     List, create, or delete branches\n   commit     Record changes to the repository\n   merge      Join two or more development histories together\n   rebase     Reapply commits on top of another base tip\n   reset      Set `HEAD` or the index to a known state\n   switch     Switch branches\n   tag        Create, list, delete or verify tags\n\ncollaborate (see also: git help workflows)\n   fetch      Download objects and refs from another repository\n   pull       Fetch from and integrate with another repository or a local branch\n   push       Update remote refs along with associated objects\n\n'git help -a' and 'git help -g' list available subcommands and some\nconcept guides. See 'git help <command>' or 'git help <concept>'\nto read about a specific subcommand or concept.\nSee 'git help git' for an overview of the system.\n""
[0m16:19:29.028882 [debug] [MainThread]: STDERR: "b''"
[0m16:19:29.030047 [info ] [MainThread]:  - git [[32mOK found[0m]

[0m16:19:29.030955 [info ] [MainThread]: Connection test skipped since no profile was found
[0m16:19:29.032431 [info ] [MainThread]: [31m1 check failed:[0m
[0m16:19:29.033742 [info ] [MainThread]: Profile loading failed for the following reason:
Runtime Error
  Credentials in profile "Careersignal_dbt", target "dev" invalid: ['database name'] is not of type 'string'


[0m16:19:29.034727 [info ] [MainThread]: Your new dbt project "Careersignal_dbt" was created!
Initialized new project in /mnt/c/Users/LEGION/CareerSignal/Careersignal_dbt/Careersignal_dbt

For more information on how to configure the profiles.yml file,
please consult the dbt documentation here:

  https://docs.getdbt.com/docs/configure-your-profile

One more thing:

Need help? Don't hesitate to reach out to us via GitHub issues or on Slack:

  https://community.getdbt.com/

Happy modeling!

[0m16:19:29.036005 [info ] [MainThread]: [31mYour profile may need adjustments. You can find the logs of `dbt debug` above[0m
[0m16:19:29.039583 [debug] [MainThread]: Resource report: {"command_name": "init", "command_success": true, "command_wall_clock_time": 46.230392, "process_in_blocks": "9960", "process_kernel_time": 1.300909, "process_mem_max_rss": "115516", "process_out_blocks": "8", "process_user_time": 1.754918}
[0m16:19:29.040954 [debug] [MainThread]: Command `dbt init` succeeded at 16:19:29.040793 after 46.23 seconds
[0m16:19:29.042306 [debug] [MainThread]: Sending event: {'category': 'dbt', 'action': 'invocation', 'label': 'end', 'context': [<snowplow_tracker.self_describing_json.SelfDescribingJson object at 0x77474a343390>, <snowplow_tracker.self_describing_json.SelfDescribingJson object at 0x77474a56e6d0>, <snowplow_tracker.self_describing_json.SelfDescribingJson object at 0x77474a4bf4d0>]}
[0m16:19:29.043997 [debug] [MainThread]: Flushing usage events
[0m16:19:30.140756 [debug] [MainThread]: An error was encountered while trying to flush usage events
[0m16:19:48.258023 [debug] [MainThread]: Sending event: {'category': 'dbt', 'action': 'invocation', 'label': 'start', 'context': [<snowplow_tracker.self_describing_json.SelfDescribingJson object at 0x74d05ae919d0>, <snowplow_tracker.self_describing_json.SelfDescribingJson object at 0x74d05ae91810>, <snowplow_tracker.self_describing_json.SelfDescribingJson object at 0x74d05ae90090>]}


============================== 16:19:48.264738 | 99f0bfef-ea38-4798-8963-487c029c21ee ==============================
[0m16:19:48.264738 [info ] [MainThread]: Running with dbt=1.12.0
[0m16:19:48.265723 [debug] [MainThread]: running dbt with arguments {'warn_error_options': 'WarnErrorOptionsV2(error=[], warn=[], silence=[])', 'log_format': 'default', 'quiet': 'False', 'cache_selected_only': 'False', 'maximum_seed_size_mib': '1', 'use_colors': 'True', 'fail_fast': 'False', 'send_anonymous_usage_stats': 'True', 'use_experimental_parser': 'False', 'log_cache_events': 'False', 'log_path': 'logs', 'target_path': 'None', 'indirect_selection': 'eager', 'write_json': 'True', 'static_parser': 'True', 'no_print': 'None', 'empty': 'None', 'introspect': 'True', 'profiles_dir': '/home/legion/.dbt', 'debug': 'False', 'printer_width': '80', 'partial_parse': 'True', 'hints_enabled': 'True', 'invocation_command': 'dbt debug', 'warn_error': 'None', 'version_check': 'True'}
[0m16:19:48.410173 [info ] [MainThread]: dbt version: 1.12.0
[0m16:19:48.411003 [info ] [MainThread]: python version: 3.11.15
[0m16:19:48.412261 [info ] [MainThread]: python path: /mnt/c/Users/LEGION/CareerSignal/.venv/bin/python
[0m16:19:48.412935 [info ] [MainThread]: os info: Linux-6.6.87.2-microsoft-standard-WSL2-x86_64-with-glibc2.43
[0m16:19:48.418814 [info ] [MainThread]: Error importing adapter: No module named 'dbt.adapters.postgres'
[0m16:19:48.422592 [info ] [MainThread]: Error importing adapter: No module named 'dbt.adapters.databricks'
[0m16:19:48.426060 [info ] [MainThread]: Error importing adapter: No module named 'dbt.adapters.postgres'
[0m16:19:48.729073 [info ] [MainThread]: Using profiles dir at /home/legion/.dbt
[0m16:19:48.729999 [info ] [MainThread]: Using profiles.yml file at /home/legion/.dbt/profiles.yml
[0m16:19:48.730634 [info ] [MainThread]: Using dbt_project.yml file at /mnt/c/Users/LEGION/CareerSignal/dbt_project.yml
[0m16:19:48.731370 [info ] [MainThread]: Configuration:
[0m16:19:48.732048 [info ] [MainThread]:   profiles.yml file [[31mERROR invalid[0m]
[0m16:19:48.732809 [info ] [MainThread]:   dbt_project.yml file [[31mERROR not found[0m]
[0m16:19:48.733522 [info ] [MainThread]: Required dependencies:
[0m16:19:48.734162 [debug] [MainThread]: Executing "git --help"
[0m16:19:48.737322 [debug] [MainThread]: STDOUT: "b"usage: git [-v | --version] [-h | --help] [-C <path>] [-c <name>=<value>]\n           [--exec-path[=<path>]] [--html-path] [--man-path] [--info-path]\n           [-p | --paginate | -P | --no-pager] [--no-replace-objects] [--no-lazy-fetch]\n           [--no-optional-locks] [--no-advice] [--bare] [--git-dir=<path>]\n           [--work-tree=<path>] [--namespace=<name>] [--config-env=<name>=<envvar>]\n           <command> [<args>]\n\nThese are common Git commands used in various situations:\n\nstart a working area (see also: git help tutorial)\n   clone      Clone a repository into a new directory\n   init       Create an empty Git repository or reinitialize an existing one\n\nwork on the current change (see also: git help everyday)\n   add        Add file contents to the index\n   mv         Move or rename a file, a directory, or a symlink\n   restore    Restore working tree files\n   rm         Remove files from the working tree and from the index\n\nexamine the history and state (see also: git help revisions)\n   bisect     Use binary search to find the commit that introduced a bug\n   diff       Show changes between commits, commit and working tree, etc\n   grep       Print lines matching a pattern\n   log        Show commit logs\n   show       Show various types of objects\n   status     Show the working tree status\n\ngrow, mark and tweak your common history\n   backfill   Download missing objects in a partial clone\n   branch     List, create, or delete branches\n   commit     Record changes to the repository\n   merge      Join two or more development histories together\n   rebase     Reapply commits on top of another base tip\n   reset      Set `HEAD` or the index to a known state\n   switch     Switch branches\n   tag        Create, list, delete or verify tags\n\ncollaborate (see also: git help workflows)\n   fetch      Download objects and refs from another repository\n   pull       Fetch from and integrate with another repository or a local branch\n   push       Update remote refs along with associated objects\n\n'git help -a' and 'git help -g' list available subcommands and some\nconcept guides. See 'git help <command>' or 'git help <concept>'\nto read about a specific subcommand or concept.\nSee 'git help git' for an overview of the system.\n""
[0m16:19:48.738392 [debug] [MainThread]: STDERR: "b''"
[0m16:19:48.739173 [info ] [MainThread]:  - git [[32mOK found[0m]

[0m16:19:48.739773 [info ] [MainThread]: Connection test skipped since no profile was found
[0m16:19:48.740702 [info ] [MainThread]: [31m2 checks failed:[0m
[0m16:19:48.741305 [info ] [MainThread]: Could not load dbt_project.yml
Profile loading failed for the following reason:
Runtime Error
  Credentials in profile "datawarehouse", target "dev" invalid: Runtime Error
    Could not find adapter type postgres!

Runtime Error
  Credentials in profile "dbt_by_thanhquoc", target "dev" invalid: Runtime Error
    Could not find adapter type databricks!

Runtime Error
  Credentials in profile "jaffle_shop", target "dev" invalid: Runtime Error
    Could not find adapter type postgres!

Runtime Error
  Credentials in profile "Careersignal", target "dev" invalid: ['database name'] is not of type 'string'

Runtime Error
  Credentials in profile "Careersignal_dbt", target "dev" invalid: ['database name'] is not of type 'string'


[0m16:19:48.741853 [info ] [MainThread]: Project loading failed for the following reason:
 project path </mnt/c/Users/LEGION/CareerSignal/dbt_project.yml> not found

[0m16:19:48.744376 [debug] [MainThread]: Resource report: {"command_name": "debug", "command_success": false, "command_wall_clock_time": 0.54864836, "process_in_blocks": "9944", "process_kernel_time": 1.024213, "process_mem_max_rss": "112724", "process_out_blocks": "0", "process_user_time": 1.321149}
[0m16:19:48.745220 [debug] [MainThread]: Command `dbt debug` failed at 16:19:48.745139 after 0.55 seconds
[0m16:19:48.745894 [debug] [MainThread]: Sending event: {'category': 'dbt', 'action': 'invocation', 'label': 'end', 'context': [<snowplow_tracker.self_describing_json.SelfDescribingJson object at 0x74d05fb17cd0>, <snowplow_tracker.self_describing_json.SelfDescribingJson object at 0x74d05ad56590>, <snowplow_tracker.self_describing_json.SelfDescribingJson object at 0x74d05ae88a90>]}
[0m16:19:48.746769 [debug] [MainThread]: Flushing usage events
[0m16:19:49.768256 [debug] [MainThread]: An error was encountered while trying to flush usage events
[0m21:38:43.709080 [debug] [MainThread]: Sending event: {'category': 'dbt', 'action': 'invocation', 'label': 'start', 'context': [<snowplow_tracker.self_describing_json.SelfDescribingJson object at 0x755dbe2668d0>, <snowplow_tracker.self_describing_json.SelfDescribingJson object at 0x755dbe266a90>, <snowplow_tracker.self_describing_json.SelfDescribingJson object at 0x755dbe2659d0>]}


============================== 21:38:43.719876 | e228a310-facf-43ca-a9d5-e28666bc19d5 ==============================
[0m21:38:43.719876 [info ] [MainThread]: Running with dbt=1.10.22
[0m21:38:43.721169 [debug] [MainThread]: running dbt with arguments {'indirect_selection': 'eager', 'log_path': 'logs', 'warn_error': 'None', 'write_json': 'True', 'empty': 'None', 'partial_parse': 'True', 'no_print': 'None', 'warn_error_options': 'WarnErrorOptionsV2(error=[], warn=[], silence=[])', 'use_experimental_parser': 'False', 'fail_fast': 'False', 'debug': 'False', 'invocation_command': 'dbt debug --config-dir', 'profiles_dir': '/home/legion/.dbt', 'static_parser': 'True', 'send_anonymous_usage_stats': 'True', 'printer_width': '80', 'target_path': 'None', 'quiet': 'False', 'version_check': 'True', 'log_cache_events': 'False', 'log_format': 'default', 'introspect': 'True', 'use_colors': 'True', 'cache_selected_only': 'False'}
[0m21:38:43.911465 [info ] [MainThread]: To view your profiles.yml file, run:

xdg-open /home/legion/.dbt
[0m21:38:43.914964 [debug] [MainThread]: Resource report: {"command_name": "debug", "command_success": true, "command_wall_clock_time": 0.2589104, "process_in_blocks": "112", "process_kernel_time": 0.799616, "process_mem_max_rss": "101876", "process_out_blocks": "0", "process_user_time": 1.431314}
[0m21:38:43.916007 [debug] [MainThread]: Command `dbt debug` succeeded at 21:38:43.915898 after 0.26 seconds
[0m21:38:43.916648 [debug] [MainThread]: Sending event: {'category': 'dbt', 'action': 'invocation', 'label': 'end', 'context': [<snowplow_tracker.self_describing_json.SelfDescribingJson object at 0x755dbe3eec90>, <snowplow_tracker.self_describing_json.SelfDescribingJson object at 0x755dc2917e50>, <snowplow_tracker.self_describing_json.SelfDescribingJson object at 0x755dbe39ea90>]}
[0m21:38:43.917508 [debug] [MainThread]: Flushing usage events
[0m21:38:43.924805 [debug] [MainThread]: An error was encountered while trying to flush usage events
[0m21:41:07.062468 [debug] [MainThread]: Sending event: {'category': 'dbt', 'action': 'invocation', 'label': 'start', 'context': [<snowplow_tracker.self_describing_json.SelfDescribingJson object at 0x723416ee50d0>, <snowplow_tracker.self_describing_json.SelfDescribingJson object at 0x723416ee5250>, <snowplow_tracker.self_describing_json.SelfDescribingJson object at 0x723416ee4150>]}


============================== 21:41:07.073406 | b4e9f130-c4fd-4244-9b5c-ac97e936c94f ==============================
[0m21:41:07.073406 [info ] [MainThread]: Running with dbt=1.10.22
[0m21:41:07.074664 [debug] [MainThread]: running dbt with arguments {'introspect': 'True', 'target_path': 'None', 'warn_error': 'None', 'quiet': 'False', 'cache_selected_only': 'False', 'log_format': 'default', 'use_colors': 'True', 'no_print': 'None', 'version_check': 'True', 'printer_width': '80', 'profiles_dir': '/home/legion/.dbt', 'log_cache_events': 'False', 'indirect_selection': 'eager', 'invocation_command': 'dbt debug --config-dir', 'fail_fast': 'False', 'partial_parse': 'True', 'warn_error_options': 'WarnErrorOptionsV2(error=[], warn=[], silence=[])', 'static_parser': 'True', 'write_json': 'True', 'use_experimental_parser': 'False', 'log_path': 'logs', 'empty': 'None', 'debug': 'False', 'send_anonymous_usage_stats': 'True'}
[0m21:41:07.233235 [info ] [MainThread]: To view your profiles.yml file, run:

xdg-open /home/legion/.dbt
[0m21:41:07.235381 [debug] [MainThread]: Resource report: {"command_name": "debug", "command_success": true, "command_wall_clock_time": 0.2252761, "process_in_blocks": "0", "process_kernel_time": 1.204276, "process_mem_max_rss": "101728", "process_out_blocks": "0", "process_user_time": 1.127133}
[0m21:41:07.236308 [debug] [MainThread]: Command `dbt debug` succeeded at 21:41:07.236151 after 0.23 seconds
[0m21:41:07.237332 [debug] [MainThread]: Sending event: {'category': 'dbt', 'action': 'invocation', 'label': 'end', 'context': [<snowplow_tracker.self_describing_json.SelfDescribingJson object at 0x72341b5b3e50>, <snowplow_tracker.self_describing_json.SelfDescribingJson object at 0x72341b657350>, <snowplow_tracker.self_describing_json.SelfDescribingJson object at 0x7234170107d0>]}
[0m21:41:07.238355 [debug] [MainThread]: Flushing usage events
[0m21:41:07.243571 [debug] [MainThread]: An error was encountered while trying to flush usage events
